Archive member included to satisfy reference by file (symbol)

c:/st/stm32cubeide_1.10.1/stm32cubeide/plugins/com.st.stm32cube.ide.mcu.externaltools.gnu-tools-for-stm32.10.3-2021.10.win32_1.0.0.202111181127/tools/bin/../lib/gcc/arm-none-eabi/10.3.1/../../../../arm-none-eabi/lib/thumb/v7e-m+fp/hard\libc_nano.a(lib_a-errno.o)
                              ./Core/Src/syscalls.o (__errno)
c:/st/stm32cubeide_1.10.1/stm32cubeide/plugins/com.st.stm32cube.ide.mcu.externaltools.gnu-tools-for-stm32.10.3-2021.10.win32_1.0.0.202111181127/tools/bin/../lib/gcc/arm-none-eabi/10.3.1/../../../../arm-none-eabi/lib/thumb/v7e-m+fp/hard\libc_nano.a(lib_a-exit.o)
                              c:/st/stm32cubeide_1.10.1/stm32cubeide/plugins/com.st.stm32cube.ide.mcu.externaltools.gnu-tools-for-stm32.10.3-2021.10.win32_1.0.0.202111181127/tools/bin/../lib/gcc/arm-none-eabi/10.3.1/../../../../arm-none-eabi/lib/thumb/v7e-m+fp/hard/crt0.o (exit)
c:/st/stm32cubeide_1.10.1/stm32cubeide/plugins/com.st.stm32cube.ide.mcu.externaltools.gnu-tools-for-stm32.10.3-2021.10.win32_1.0.0.202111181127/tools/bin/../lib/gcc/arm-none-eabi/10.3.1/../../../../arm-none-eabi/lib/thumb/v7e-m+fp/hard\libc_nano.a(lib_a-impure.o)
                              c:/st/stm32cubeide_1.10.1/stm32cubeide/plugins/com.st.stm32cube.ide.mcu.externaltools.gnu-tools-for-stm32.10.3-2021.10.win32_1.0.0.202111181127/tools/bin/../lib/gcc/arm-none-eabi/10.3.1/../../../../arm-none-eabi/lib/thumb/v7e-m+fp/hard\libc_nano.a(lib_a-exit.o) (_global_impure_ptr)
c:/st/stm32cubeide_1.10.1/stm32cubeide/plugins/com.st.stm32cube.ide.mcu.externaltools.gnu-tools-for-stm32.10.3-2021.10.win32_1.0.0.202111181127/tools/bin/../lib/gcc/arm-none-eabi/10.3.1/../../../../arm-none-eabi/lib/thumb/v7e-m+fp/hard\libc_nano.a(lib_a-init.o)
                              c:/st/stm32cubeide_1.10.1/stm32cubeide/plugins/com.st.stm32cube.ide.mcu.externaltools.gnu-tools-for-stm32.10.3-2021.10.win32_1.0.0.202111181127/tools/bin/../lib/gcc/arm-none-eabi/10.3.1/../../../../arm-none-eabi/lib/thumb/v7e-m+fp/hard/crt0.o (__libc_init_array)
c:/st/stm32cubeide_1.10.1/stm32cubeide/plugins/com.st.stm32cube.ide.mcu.externaltools.gnu-tools-for-stm32.10.3-2021.10.win32_1.0.0.202111181127/tools/bin/../lib/gcc/arm-none-eabi/10.3.1/../../../../arm-none-eabi/lib/thumb/v7e-m+fp/hard\libc_nano.a(lib_a-memcpy-stub.o)
                              ./Core/Src/INC_MAX86178.o (memcpy)
c:/st/stm32cubeide_1.10.1/stm32cubeide/plugins/com.st.stm32cube.ide.mcu.externaltools.gnu-tools-for-stm32.10.3-2021.10.win32_1.0.0.202111181127/tools/bin/../lib/gcc/arm-none-eabi/10.3.1/../../../../arm-none-eabi/lib/thumb/v7e-m+fp/hard\libc_nano.a(lib_a-memset.o)
                              c:/st/stm32cubeide_1.10.1/stm32cubeide/plugins/com.st.stm32cube.ide.mcu.externaltools.gnu-tools-for-stm32.10.3-2021.10.win32_1.0.0.202111181127/tools/bin/../lib/gcc/arm-none-eabi/10.3.1/../../../../arm-none-eabi/lib/thumb/v7e-m+fp/hard/crt0.o (memset)

Discarded input sections

 .text          0x0000000000000000        0x0 c:/st/stm32cubeide_1.10.1/stm32cubeide/plugins/com.st.stm32cube.ide.mcu.externaltools.gnu-tools-for-stm32.10.3-2021.10.win32_1.0.0.202111181127/tools/bin/../lib/gcc/arm-none-eabi/10.3.1/thumb/v7e-m+fp/hard/crti.o
 .data          0x0000000000000000        0x0 c:/st/stm32cubeide_1.10.1/stm32cubeide/plugins/com.st.stm32cube.ide.mcu.externaltools.gnu-tools-for-stm32.10.3-2021.10.win32_1.0.0.202111181127/tools/bin/../lib/gcc/arm-none-eabi/10.3.1/thumb/v7e-m+fp/hard/crti.o
 .bss           0x0000000000000000        0x0 c:/st/stm32cubeide_1.10.1/stm32cubeide/plugins/com.st.stm32cube.ide.mcu.externaltools.gnu-tools-for-stm32.10.3-2021.10.win32_1.0.0.202111181127/tools/bin/../lib/gcc/arm-none-eabi/10.3.1/thumb/v7e-m+fp/hard/crti.o
 .data          0x0000000000000000        0x4 c:/st/stm32cubeide_1.10.1/stm32cubeide/plugins/com.st.stm32cube.ide.mcu.externaltools.gnu-tools-for-stm32.10.3-2021.10.win32_1.0.0.202111181127/tools/bin/../lib/gcc/arm-none-eabi/10.3.1/thumb/v7e-m+fp/hard/crtbegin.o
 .rodata        0x0000000000000000       0x24 c:/st/stm32cubeide_1.10.1/stm32cubeide/plugins/com.st.stm32cube.ide.mcu.externaltools.gnu-tools-for-stm32.10.3-2021.10.win32_1.0.0.202111181127/tools/bin/../lib/gcc/arm-none-eabi/10.3.1/thumb/v7e-m+fp/hard/crtbegin.o
 .text          0x0000000000000000       0x7c c:/st/stm32cubeide_1.10.1/stm32cubeide/plugins/com.st.stm32cube.ide.mcu.externaltools.gnu-tools-for-stm32.10.3-2021.10.win32_1.0.0.202111181127/tools/bin/../lib/gcc/arm-none-eabi/10.3.1/../../../../arm-none-eabi/lib/thumb/v7e-m+fp/hard/crt0.o
 .data          0x0000000000000000        0x0 c:/st/stm32cubeide_1.10.1/stm32cubeide/plugins/com.st.stm32cube.ide.mcu.externaltools.gnu-tools-for-stm32.10.3-2021.10.win32_1.0.0.202111181127/tools/bin/../lib/gcc/arm-none-eabi/10.3.1/../../../../arm-none-eabi/lib/thumb/v7e-m+fp/hard/crt0.o
[...]
Memory Configuration

Name             Origin             Length             Attributes
CCMRAM           0x0000000010000000 0x0000000000004000 xrw
RAM              0x0000000020000000 0x0000000000010000 xrw
FLASH            0x0000000008000000 0x0000000000080000 xr
*default*        0x0000000000000000 0xffffffffffffffff

Linker script and memory map

LOAD c:/st/stm32cubeide_1.10.1/stm32cubeide/plugins/com.st.stm32cube.ide.mcu.externaltools.gnu-tools-for-stm32.10.3-2021.10.win32_1.0.0.202111181127/tools/bin/../lib/gcc/arm-none-eabi/10.3.1/thumb/v7e-m+fp/hard/crti.o
LOAD c:/st/stm32cubeide_1.10.1/stm32cubeide/plugins/com.st.stm32cube.ide.mcu.externaltools.gnu-tools-for-stm32.10.3-2021.10.win32_1.0.0.202111181127/tools/bin/../lib/gcc/arm-none-eabi/10.3.1/thumb/v7e-m+fp/hard/crtbegin.o
LOAD c:/st/stm32cubeide_1.10.1/stm32cubeide/plugins/com.st.stm32cube.ide.mcu.externaltools.gnu-tools-for-stm32.10.3-2021.10.win32_1.0.0.202111181127/tools/bin/../lib/gcc/arm-none-eabi/10.3.1/../../../../arm-none-eabi/lib/thumb/v7e-m+fp/hard/crt0.o
LOAD ./Core/Src/INC_MAX86178.o
LOAD ./Core/Src/main.o
LOAD ./Core/Src/stm32f3xx_hal_msp.o
LOAD ./Core/Src/stm32f3xx_it.o
LOAD ./Core/Src/syscalls.o
LOAD ./Core/Src/sysmem.o
LOAD ./Core/Src/system_stm32f3xx.o
LOAD ./Core/Startup/startup_stm32f303retx.o
LOAD ./Drivers/STM32F3xx_HAL_Driver/Src/stm32f3xx_hal.o
LOAD ./Drivers/STM32F3xx_HAL_Driver/Src/stm32f3xx_hal_cortex.o
LOAD ./Drivers/STM32F3xx_HAL_Driver/Src/stm32f3xx_hal_dma.o
LOAD ./Drivers/STM32F3xx_HAL_Driver/Src/stm32f3xx_hal_exti.o
LOAD ./Drivers/STM32F3xx_HAL_Driver/Src/stm32f3xx_hal_flash.o
LOAD ./Drivers/STM32F3xx_HAL_Driver/Src/stm32f3xx_hal_flash_ex.o
LOAD ./Drivers/STM32F3xx_HAL_Driver/Src/stm32f3xx_hal_gpio.o
LOAD ./Drivers/STM32F3xx_HAL_Driver/Src/stm32f3xx_hal_i2c.o
LOAD ./Drivers/STM32F3xx_HAL_Driver/Src/stm32f3xx_hal_i2c_ex.o
LOAD ./Drivers/STM32F3xx_HAL_Driver/Src/stm32f3xx_hal_pwr.o
LOAD ./Drivers/STM32F3xx_HAL_Driver/Src/stm32f3xx_hal_pwr_ex.o
LOAD ./Drivers/STM32F3xx_HAL_Driver/Src/stm32f3xx_hal_rcc.o
LOAD ./Drivers/STM32F3xx_HAL_Driver/Src/stm32f3xx_hal_rcc_ex.o
LOAD ./Drivers/STM32F3xx_HAL_Driver/Src/stm32f3xx_hal_spi.o
LOAD ./Drivers/STM32F3xx_HAL_Driver/Src/stm32f3xx_hal_spi_ex.o
LOAD ./Drivers/STM32F3xx_HAL_Driver/Src/stm32f3xx_hal_uart.o
LOAD ./Drivers/STM32F3xx_HAL_Driver/Src/stm32f3xx_hal_uart_ex.o
START GROUP
LOAD c:/st/stm32cubeide_1.10.1/stm32cubeide/plugins/com.st.stm32cube.ide.mcu.externaltools.gnu-tools-for-stm32.10.3-2021.10.win32_1.0.0.202111181127/tools/bin/../lib/gcc/arm-none-eabi/10.3.1/../../../../arm-none-eabi/lib/thumb/v7e-m+fp/hard\libc_nano.a
LOAD c:/st/stm32cubeide_1.10.1/stm32cubeide/plugins/com.st.stm32cube.ide.mcu.externaltools.gnu-tools-for-stm32.10.3-2021.10.win32_1.0.0.202111181127/tools/bin/../lib/gcc/arm-none-eabi/10.3.1/../../../../arm-none-eabi/lib/thumb/v7e-m+fp/hard\libm.a
END GROUP
START GROUP
LOAD c:/st/stm32cubeide_1.10.1/stm32cubeide/plugins/com.st.stm32cube.ide.mcu.externaltools.gnu-tools-for-stm32.10.3-2021.10.win32_1.0.0.202111181127/tools/bin/../lib/gcc/arm-none-eabi/10.3.1/thumb/v7e-m+fp/hard\libgcc.a
LOAD c:/st/stm32cubeide_1.10.1/stm32cubeide/plugins/com.st.stm32cube.ide.mcu.externaltools.gnu-tools-for-stm32.10.3-2021.10.win32_1.0.0.202111181127/tools/bin/../lib/gcc/arm-none-eabi/10.3.1/../../../../arm-none-eabi/lib/thumb/v7e-m+fp/hard\libc_nano.a
END GROUP
START GROUP
LOAD c:/st/stm32cubeide_1.10.1/stm32cubeide/plugins/com.st.stm32cube.ide.mcu.externaltools.gnu-tools-for-stm32.10.3-2021.10.win32_1.0.0.202111181127/tools/bin/../lib/gcc/arm-none-eabi/10.3.1/thumb/v7e-m+fp/hard\libgcc.a
LOAD c:/st/stm32cubeide_1.10.1/stm32cubeide/plugins/com.st.stm32cube.ide.mcu.externaltools.gnu-tools-for-stm32.10.3-2021.10.win32_1.0.0.202111181127/tools/bin/../lib/gcc/arm-none-eabi/10.3.1/../../../../arm-none-eabi/lib/thumb/v7e-m+fp/hard\libc_nano.a
LOAD c:/st/stm32cubeide_1.10.1/stm32cubeide/plugins/com.st.stm32cube.ide.mcu.externaltools.gnu-tools-for-stm32.10.3-2021.10.win32_1.0.0.202111181127/tools/bin/../lib/gcc/arm-none-eabi/10.3.1/../../../../arm-none-eabi/lib/thumb/v7e-m+fp/hard\libnosys.a
END GROUP
START GROUP
LOAD c:/st/stm32cubeide_1.10.1/stm32cubeide/plugins/com.st.stm32cube.ide.mcu.externaltools.gnu-tools-for-stm32.10.3-2021.10.win32_1.0.0.202111181127/tools/bin/../lib/gcc/arm-none-eabi/10.3.1/thumb/v7e-m+fp/hard\libgcc.a
LOAD c:/st/stm32cubeide_1.10.1/stm32cubeide/plugins/com.st.stm32cube.ide.mcu.externaltools.gnu-tools-for-stm32.10.3-2021.10.win32_1.0.0.202111181127/tools/bin/../lib/gcc/arm-none-eabi/10.3.1/../../../../arm-none-eabi/lib/thumb/v7e-m+fp/hard\libc_nano.a
LOAD c:/st/stm32cubeide_1.10.1/stm32cubeide/plugins/com.st.stm32cube.ide.mcu.externaltools.gnu-tools-for-stm32.10.3-2021.10.win32_1.0.0.202111181127/tools/bin/../lib/gcc/arm-none-eabi/10.3.1/../../../../arm-none-eabi/lib/thumb/v7e-m+fp/hard\libnosys.a
END GROUP
LOAD c:/st/stm32cubeide_1.10.1/stm32cubeide/plugins/com.st.stm32cube.ide.mcu.externaltools.gnu-tools-for-stm32.10.3-2021.10.win32_1.0.0.202111181127/tools/bin/../lib/gcc/arm-none-eabi/10.3.1/thumb/v7e-m+fp/hard/crtend.o
LOAD c:/st/stm32cubeide_1.10.1/stm32cubeide/plugins/com.st.stm32cube.ide.mcu.externaltools.gnu-tools-for-stm32.10.3-2021.10.win32_1.0.0.202111181127/tools/bin/../lib/gcc/arm-none-eabi/10.3.1/thumb/v7e-m+fp/hard/crtn.o
                0x0000000020010000                _estack = (ORIGIN (RAM) + LENGTH (RAM))
                0x0000000000000200                _Min_Heap_Size = 0x200
                0x0000000000000400                _Min_Stack_Size = 0x400

.isr_vector     0x0000000008000000      0x194
                0x0000000008000000                . = ALIGN (0x4)
 *(.isr_vector)
 .isr_vector    0x0000000008000000      0x194 ./Core/Startup/startup_stm32f303retx.o
                0x0000000008000000                g_pfnVectors
                0x0000000008000194                . = ALIGN (0x4)

.text           0x0000000008000194     0x3c70
                0x0000000008000194                . = ALIGN (0x4)
 *(.text)
 .text          0x0000000008000194       0x40 c:/st/stm32cubeide_1.10.1/stm32cubeide/plugins/com.st.stm32cube.ide.mcu.externaltools.gnu-tools-for-stm32.10.3-2021.10.win32_1.0.0.202111181127/tools/bin/../lib/gcc/arm-none-eabi/10.3.1/thumb/v7e-m+fp/hard/crtbegin.o
 *(.text*)
 .text.max_read_reg
                0x00000000080001d4      0x164 ./Core/Src/INC_MAX86178.o
                0x00000000080001d4                max_read_reg
 .text.max_write_reg
                0x0000000008000338      0x108 ./Core/Src/INC_MAX86178.o
                0x0000000008000338                max_write_reg
 .text.ppg_init
                0x0000000008000440       0xe0 ./Core/Src/INC_MAX86178.o
                0x0000000008000440                ppg_init
 .text.main     0x0000000008000520      0x1ba ./Core/Src/main.o
                0x0000000008000520                main
 .text.SystemClock_Config
                0x00000000080006da       0xb8 ./Core/Src/main.o
                0x00000000080006da                SystemClock_Config
 *fill*         0x0000000008000792        0x2 
 .text.MX_SPI2_Init
                0x0000000008000794       0x7c ./Core/Src/main.o
 .text.MX_USART2_UART_Init
                0x0000000008000810       0x60 ./Core/Src/main.o
 .text.MX_GPIO_Init
                0x0000000008000870       0xac ./Core/Src/main.o
 .text.Error_Handler
                0x000000000800091c        0xa ./Core/Src/main.o
                0x000000000800091c                Error_Handler
 *fill*         0x0000000008000926        0x2 
 .text.HAL_MspInit
                0x0000000008000928       0x48 ./Core/Src/stm32f3xx_hal_msp.o
                0x0000000008000928                HAL_MspInit
 .text.HAL_SPI_MspInit
                0x0000000008000970       0xc4 ./Core/Src/stm32f3xx_hal_msp.o
                0x0000000008000970                HAL_SPI_MspInit
 .text.HAL_UART_MspInit
                0x0000000008000a34       0x84 ./Core/Src/stm32f3xx_hal_msp.o
                0x0000000008000a34                HAL_UART_MspInit
 .text.NMI_Handler
                0x0000000008000ab8        0x6 ./Core/Src/stm32f3xx_it.o
                0x0000000008000ab8                NMI_Handler
 .text.HardFault_Handler
                0x0000000008000abe        0x6 ./Core/Src/stm32f3xx_it.o
                0x0000000008000abe                HardFault_Handler
 .text.MemManage_Handler
                0x0000000008000ac4        0x6 ./Core/Src/stm32f3xx_it.o
                0x0000000008000ac4                MemManage_Handler
 .text.BusFault_Handler
                0x0000000008000aca        0x6 ./Core/Src/stm32f3xx_it.o
                0x0000000008000aca                BusFault_Handler
 .text.UsageFault_Handler
                0x0000000008000ad0        0x6 ./Core/Src/stm32f3xx_it.o
                0x0000000008000ad0                UsageFault_Handler
 .text.SVC_Handler
                0x0000000008000ad6        0xe ./Core/Src/stm32f3xx_it.o
                0x0000000008000ad6                SVC_Handler
 .text.DebugMon_Handler
                0x0000000008000ae4        0xe ./Core/Src/stm32f3xx_it.o
                0x0000000008000ae4                DebugMon_Handler
 .text.PendSV_Handler
                0x0000000008000af2        0xe ./Core/Src/stm32f3xx_it.o
                0x0000000008000af2                PendSV_Handler
 .text.SysTick_Handler
                0x0000000008000b00        0xc ./Core/Src/stm32f3xx_it.o
                0x0000000008000b00                SysTick_Handler
 .text.SystemInit
                0x0000000008000b0c       0x24 ./Core/Src/system_stm32f3xx.o
                0x0000000008000b0c                SystemInit
 .text.Reset_Handler
                0x0000000008000b30       0x50 ./Core/Startup/startup_stm32f303retx.o
                0x0000000008000b30                Reset_Handler
 .text.Default_Handler
                0x0000000008000b80        0x2 ./Core/Startup/startup_stm32f303retx.o
                0x0000000008000b80                RTC_Alarm_IRQHandler
                0x0000000008000b80                TIM8_TRG_COM_IRQHandler
                0x0000000008000b80                TIM8_CC_IRQHandler
                0x0000000008000b80                SPI4_IRQHandler
                0x0000000008000b80                TIM1_CC_IRQHandler
                0x0000000008000b80                USB_HP_IRQHandler
                0x0000000008000b80                PVD_IRQHandler
                0x0000000008000b80                TAMP_STAMP_IRQHandler
                0x0000000008000b80                EXTI3_IRQHandler
                0x0000000008000b80                I2C3_ER_IRQHandler
                0x0000000008000b80                USB_HP_CAN_TX_IRQHandler
                0x0000000008000b80                EXTI0_IRQHandler
                0x0000000008000b80                I2C2_EV_IRQHandler
                0x0000000008000b80                FPU_IRQHandler
                0x0000000008000b80                TIM1_UP_TIM16_IRQHandler
                0x0000000008000b80                ADC1_2_IRQHandler
                0x0000000008000b80                SPI1_IRQHandler
                0x0000000008000b80                CAN_SCE_IRQHandler
                0x0000000008000b80                TIM6_DAC_IRQHandler
                0x0000000008000b80                TIM8_UP_IRQHandler
                0x0000000008000b80                DMA2_Channel2_IRQHandler
                0x0000000008000b80                DMA1_Channel4_IRQHandler
                0x0000000008000b80                TIM20_TRG_COM_IRQHandler
                0x0000000008000b80                USART3_IRQHandler
                0x0000000008000b80                DMA1_Channel7_IRQHandler
                0x0000000008000b80                UART5_IRQHandler
                0x0000000008000b80                ADC3_IRQHandler
                0x0000000008000b80                TIM4_IRQHandler
                0x0000000008000b80                CAN_RX1_IRQHandler
                0x0000000008000b80                DMA2_Channel1_IRQHandler
                0x0000000008000b80                I2C1_EV_IRQHandler
                0x0000000008000b80                DMA1_Channel6_IRQHandler
                0x0000000008000b80                UART4_IRQHandler
                0x0000000008000b80                DMA2_Channel4_IRQHandler
                0x0000000008000b80                TIM3_IRQHandler
                0x0000000008000b80                RCC_IRQHandler
                0x0000000008000b80                TIM20_UP_IRQHandler
                0x0000000008000b80                DMA1_Channel1_IRQHandler
                0x0000000008000b80                Default_Handler
                0x0000000008000b80                USBWakeUp_RMP_IRQHandler
                0x0000000008000b80                EXTI15_10_IRQHandler
                0x0000000008000b80                TIM7_IRQHandler
                0x0000000008000b80                I2C3_EV_IRQHandler
                0x0000000008000b80                EXTI9_5_IRQHandler
                0x0000000008000b80                RTC_WKUP_IRQHandler
                0x0000000008000b80                SPI2_IRQHandler
                0x0000000008000b80                USB_LP_CAN_RX0_IRQHandler
                0x0000000008000b80                DMA2_Channel5_IRQHandler
                0x0000000008000b80                DMA1_Channel5_IRQHandler
                0x0000000008000b80                USB_LP_IRQHandler
                0x0000000008000b80                EXTI4_IRQHandler
                0x0000000008000b80                TIM1_TRG_COM_TIM17_IRQHandler
                0x0000000008000b80                DMA1_Channel3_IRQHandler
                0x0000000008000b80                ADC4_IRQHandler
                0x0000000008000b80                WWDG_IRQHandler
                0x0000000008000b80                TIM2_IRQHandler
                0x0000000008000b80                COMP7_IRQHandler
                0x0000000008000b80                COMP1_2_3_IRQHandler
                0x0000000008000b80                EXTI1_IRQHandler
                0x0000000008000b80                USART2_IRQHandler
                0x0000000008000b80                COMP4_5_6_IRQHandler
                0x0000000008000b80                TIM20_BRK_IRQHandler
                0x0000000008000b80                I2C2_ER_IRQHandler
                0x0000000008000b80                DMA1_Channel2_IRQHandler
                0x0000000008000b80                TIM8_BRK_IRQHandler
                0x0000000008000b80                FLASH_IRQHandler
                0x0000000008000b80                TIM20_CC_IRQHandler
                0x0000000008000b80                USART1_IRQHandler
                0x0000000008000b80                SPI3_IRQHandler
                0x0000000008000b80                I2C1_ER_IRQHandler
                0x0000000008000b80                FMC_IRQHandler
                0x0000000008000b80                USBWakeUp_IRQHandler
                0x0000000008000b80                DMA2_Channel3_IRQHandler
                0x0000000008000b80                EXTI2_TSC_IRQHandler
                0x0000000008000b80                TIM1_BRK_TIM15_IRQHandler
 *fill*         0x0000000008000b82        0x2 
 .text.HAL_Init
                0x0000000008000b84       0x2c ./Drivers/STM32F3xx_HAL_Driver/Src/stm32f3xx_hal.o
                0x0000000008000b84                HAL_Init
 .text.HAL_InitTick
                0x0000000008000bb0       0x60 ./Drivers/STM32F3xx_HAL_Driver/Src/stm32f3xx_hal.o
                0x0000000008000bb0                HAL_InitTick
 .text.HAL_IncTick
                0x0000000008000c10       0x28 ./Drivers/STM32F3xx_HAL_Driver/Src/stm32f3xx_hal.o
                0x0000000008000c10                HAL_IncTick
 .text.HAL_GetTick
                0x0000000008000c38       0x18 ./Drivers/STM32F3xx_HAL_Driver/Src/stm32f3xx_hal.o
                0x0000000008000c38                HAL_GetTick
 .text.__NVIC_SetPriorityGrouping
                0x0000000008000c50       0x48 ./Drivers/STM32F3xx_HAL_Driver/Src/stm32f3xx_hal_cortex.o
 .text.__NVIC_GetPriorityGrouping
                0x0000000008000c98       0x1c ./Drivers/STM32F3xx_HAL_Driver/Src/stm32f3xx_hal_cortex.o
 .text.__NVIC_SetPriority
                0x0000000008000cb4       0x54 ./Drivers/STM32F3xx_HAL_Driver/Src/stm32f3xx_hal_cortex.o
 .text.NVIC_EncodePriority
                0x0000000008000d08       0x66 ./Drivers/STM32F3xx_HAL_Driver/Src/stm32f3xx_hal_cortex.o
 *fill*         0x0000000008000d6e        0x2 
 .text.SysTick_Config
                0x0000000008000d70       0x44 ./Drivers/STM32F3xx_HAL_Driver/Src/stm32f3xx_hal_cortex.o
 .text.HAL_NVIC_SetPriorityGrouping
                0x0000000008000db4       0x16 ./Drivers/STM32F3xx_HAL_Driver/Src/stm32f3xx_hal_cortex.o
                0x0000000008000db4                HAL_NVIC_SetPriorityGrouping
 .text.HAL_NVIC_SetPriority
                0x0000000008000dca       0x38 ./Drivers/STM32F3xx_HAL_Driver/Src/stm32f3xx_hal_cortex.o
                0x0000000008000dca                HAL_NVIC_SetPriority
 .text.HAL_SYSTICK_Config
                0x0000000008000e02       0x18 ./Drivers/STM32F3xx_HAL_Driver/Src/stm32f3xx_hal_cortex.o
                0x0000000008000e02                HAL_SYSTICK_Config
 *fill*         0x0000000008000e1a        0x2 
 .text.HAL_GPIO_Init
                0x0000000008000e1c      0x314 ./Drivers/STM32F3xx_HAL_Driver/Src/stm32f3xx_hal_gpio.o
                0x0000000008000e1c                HAL_GPIO_Init
 .text.HAL_GPIO_WritePin
                0x0000000008001130       0x30 ./Drivers/STM32F3xx_HAL_Driver/Src/stm32f3xx_hal_gpio.o
                0x0000000008001130                HAL_GPIO_WritePin
 .text.HAL_RCC_OscConfig
                0x0000000008001160     0x10a8 ./Drivers/STM32F3xx_HAL_Driver/Src/stm32f3xx_hal_rcc.o
                0x0000000008001160                HAL_RCC_OscConfig
 .text.HAL_RCC_ClockConfig
                0x0000000008002208      0x2f8 ./Drivers/STM32F3xx_HAL_Driver/Src/stm32f3xx_hal_rcc.o
                0x0000000008002208                HAL_RCC_ClockConfig
 .text.HAL_RCC_GetSysClockFreq
                0x0000000008002500       0xd4 ./Drivers/STM32F3xx_HAL_Driver/Src/stm32f3xx_hal_rcc.o
                0x0000000008002500                HAL_RCC_GetSysClockFreq
 .text.HAL_RCC_GetHCLKFreq
                0x00000000080025d4       0x18 ./Drivers/STM32F3xx_HAL_Driver/Src/stm32f3xx_hal_rcc.o
                0x00000000080025d4                HAL_RCC_GetHCLKFreq
 .text.HAL_RCC_GetPCLK1Freq
                0x00000000080025ec       0x44 ./Drivers/STM32F3xx_HAL_Driver/Src/stm32f3xx_hal_rcc.o
                0x00000000080025ec                HAL_RCC_GetPCLK1Freq
 .text.HAL_RCC_GetPCLK2Freq
                0x0000000008002630       0x44 ./Drivers/STM32F3xx_HAL_Driver/Src/stm32f3xx_hal_rcc.o
                0x0000000008002630                HAL_RCC_GetPCLK2Freq
 .text.HAL_RCCEx_PeriphCLKConfig
                0x0000000008002674      0x43c ./Drivers/STM32F3xx_HAL_Driver/Src/stm32f3xx_hal_rcc_ex.o
                0x0000000008002674                HAL_RCCEx_PeriphCLKConfig
 .text.HAL_SPI_Init
                0x0000000008002ab0      0x156 ./Drivers/STM32F3xx_HAL_Driver/Src/stm32f3xx_hal_spi.o
                0x0000000008002ab0                HAL_SPI_Init
 .text.HAL_SPI_Transmit
                0x0000000008002c06      0x2dc ./Drivers/STM32F3xx_HAL_Driver/Src/stm32f3xx_hal_spi.o
                0x0000000008002c06                HAL_SPI_Transmit
 .text.HAL_SPI_TransmitReceive
                0x0000000008002ee2      0x426 ./Drivers/STM32F3xx_HAL_Driver/Src/stm32f3xx_hal_spi.o
                0x0000000008002ee2                HAL_SPI_TransmitReceive
 .text.SPI_WaitFlagStateUntilTimeout
                0x0000000008003308      0x110 ./Drivers/STM32F3xx_HAL_Driver/Src/stm32f3xx_hal_spi.o
 .text.SPI_WaitFifoStateUntilTimeout
                0x0000000008003418      0x12c ./Drivers/STM32F3xx_HAL_Driver/Src/stm32f3xx_hal_spi.o
 .text.SPI_EndRxTxTransaction
                0x0000000008003544       0x8c ./Drivers/STM32F3xx_HAL_Driver/Src/stm32f3xx_hal_spi.o
 .text.HAL_UART_Init
                0x00000000080035d0       0x9c ./Drivers/STM32F3xx_HAL_Driver/Src/stm32f3xx_hal_uart.o
                0x00000000080035d0                HAL_UART_Init
 .text.UART_SetConfig
                0x000000000800366c      0x3ac ./Drivers/STM32F3xx_HAL_Driver/Src/stm32f3xx_hal_uart.o
                0x000000000800366c                UART_SetConfig
 .text.UART_AdvFeatureConfig
                0x0000000008003a18      0x144 ./Drivers/STM32F3xx_HAL_Driver/Src/stm32f3xx_hal_uart.o
                0x0000000008003a18                UART_AdvFeatureConfig
 .text.UART_CheckIdleState
                0x0000000008003b5c       0x92 ./Drivers/STM32F3xx_HAL_Driver/Src/stm32f3xx_hal_uart.o
                0x0000000008003b5c                UART_CheckIdleState
 .text.UART_WaitOnFlagUntilTimeout
                0x0000000008003bee      0x188 ./Drivers/STM32F3xx_HAL_Driver/Src/stm32f3xx_hal_uart.o
                0x0000000008003bee                UART_WaitOnFlagUntilTimeout
 *fill*         0x0000000008003d76        0x2 
 .text.__libc_init_array
                0x0000000008003d78       0x48 c:/st/stm32cubeide_1.10.1/stm32cubeide/plugins/com.st.stm32cube.ide.mcu.externaltools.gnu-tools-for-stm32.10.3-2021.10.win32_1.0.0.202111181127/tools/bin/../lib/gcc/arm-none-eabi/10.3.1/../../../../arm-none-eabi/lib/thumb/v7e-m+fp/hard\libc_nano.a(lib_a-init.o)
                0x0000000008003d78                __libc_init_array
 .text.memcpy   0x0000000008003dc0       0x1c c:/st/stm32cubeide_1.10.1/stm32cubeide/plugins/com.st.stm32cube.ide.mcu.externaltools.gnu-tools-for-stm32.10.3-2021.10.win32_1.0.0.202111181127/tools/bin/../lib/gcc/arm-none-eabi/10.3.1/../../../../arm-none-eabi/lib/thumb/v7e-m+fp/hard\libc_nano.a(lib_a-memcpy-stub.o)
                0x0000000008003dc0                memcpy
 .text.memset   0x0000000008003ddc       0x10 c:/st/stm32cubeide_1.10.1/stm32cubeide/plugins/com.st.stm32cube.ide.mcu.externaltools.gnu-tools-for-stm32.10.3-2021.10.win32_1.0.0.202111181127/tools/bin/../lib/gcc/arm-none-eabi/10.3.1/../../../../arm-none-eabi/lib/thumb/v7e-m+fp/hard\libc_nano.a(lib_a-memset.o)
                0x0000000008003ddc                memset
 *(.glue_7)
 .glue_7        0x0000000008003dec        0x0 linker stubs
 *(.glue_7t)
 .glue_7t       0x0000000008003dec        0x0 linker stubs
 *(.eh_frame)
 .eh_frame      0x0000000008003dec        0x0 c:/st/stm32cubeide_1.10.1/stm32cubeide/plugins/com.st.stm32cube.ide.mcu.externaltools.gnu-tools-for-stm32.10.3-2021.10.win32_1.0.0.202111181127/tools/bin/../lib/gcc/arm-none-eabi/10.3.1/thumb/v7e-m+fp/hard/crtbegin.o
 *(.init)
 .init          0x0000000008003dec        0x4 c:/st/stm32cubeide_1.10.1/stm32cubeide/plugins/com.st.stm32cube.ide.mcu.externaltools.gnu-tools-for-stm32.10.3-2021.10.win32_1.0.0.202111181127/tools/bin/../lib/gcc/arm-none-eabi/10.3.1/thumb/v7e-m+fp/hard/crti.o
                0x0000000008003dec                _init
 .init          0x0000000008003df0        0x8 c:/st/stm32cubeide_1.10.1/stm32cubeide/plugins/com.st.stm32cube.ide.mcu.externaltools.gnu-tools-for-stm32.10.3-2021.10.win32_1.0.0.202111181127/tools/bin/../lib/gcc/arm-none-eabi/10.3.1/thumb/v7e-m+fp/hard/crtn.o
 *(.fini)
 .fini          0x0000000008003df8        0x4 c:/st/stm32cubeide_1.10.1/stm32cubeide/plugins/com.st.stm32cube.ide.mcu.externaltools.gnu-tools-for-stm32.10.3-2021.10.win32_1.0.0.202111181127/tools/bin/../lib/gcc/arm-none-eabi/10.3.1/thumb/v7e-m+fp/hard/crti.o
                0x0000000008003df8                _fini
 .fini          0x0000000008003dfc        0x8 c:/st/stm32cubeide_1.10.1/stm32cubeide/plugins/com.st.stm32cube.ide.mcu.externaltools.gnu-tools-for-stm32.10.3-2021.10.win32_1.0.0.202111181127/tools/bin/../lib/gcc/arm-none-eabi/10.3.1/thumb/v7e-m+fp/hard/crtn.o
                0x0000000008003e04                . = ALIGN (0x4)
                0x0000000008003e04                _etext = .

.vfp11_veneer   0x0000000008003e04        0x0
 .vfp11_veneer  0x0000000008003e04        0x0 linker stubs

.v4_bx          0x0000000008003e04        0x0
 .v4_bx         0x0000000008003e04        0x0 linker stubs

.iplt           0x0000000008003e04        0x0
 .iplt          0x0000000008003e04        0x0 c:/st/stm32cubeide_1.10.1/stm32cubeide/plugins/com.st.stm32cube.ide.mcu.externaltools.gnu-tools-for-stm32.10.3-2021.10.win32_1.0.0.202111181127/tools/bin/../lib/gcc/arm-none-eabi/10.3.1/thumb/v7e-m+fp/hard/crtbegin.o

.rodata         0x0000000008003e04       0xb4
                0x0000000008003e04                . = ALIGN (0x4)
 *(.rodata)
 .rodata        0x0000000008003e04       0x7a ./Core/Src/INC_MAX86178.o
 *(.rodata*)
 *fill*         0x0000000008003e7e        0x2 
 .rodata.AHBPrescTable
                0x0000000008003e80       0x10 ./Core/Src/system_stm32f3xx.o
                0x0000000008003e80                AHBPrescTable
 .rodata.APBPrescTable
                0x0000000008003e90        0x8 ./Core/Src/system_stm32f3xx.o
                0x0000000008003e90                APBPrescTable
 .rodata.aPLLMULFactorTable
                0x0000000008003e98       0x10 ./Drivers/STM32F3xx_HAL_Driver/Src/stm32f3xx_hal_rcc.o
                0x0000000008003e98                aPLLMULFactorTable
 .rodata.aPredivFactorTable
                0x0000000008003ea8       0x10 ./Drivers/STM32F3xx_HAL_Driver/Src/stm32f3xx_hal_rcc.o
                0x0000000008003ea8                aPredivFactorTable
                0x0000000008003eb8                . = ALIGN (0x4)

.rel.dyn        0x0000000008003eb8        0x0
 .rel.iplt      0x0000000008003eb8        0x0 c:/st/stm32cubeide_1.10.1/stm32cubeide/plugins/com.st.stm32cube.ide.mcu.externaltools.gnu-tools-for-stm32.10.3-2021.10.win32_1.0.0.202111181127/tools/bin/../lib/gcc/arm-none-eabi/10.3.1/thumb/v7e-m+fp/hard/crtbegin.o

.ARM.extab      0x0000000008003eb8        0x0
                0x0000000008003eb8                . = ALIGN (0x4)
 *(.ARM.extab* .gnu.linkonce.armextab.*)
                0x0000000008003eb8                . = ALIGN (0x4)

.ARM            0x0000000008003eb8        0x0
                0x0000000008003eb8                . = ALIGN (0x4)
                0x0000000008003eb8                __exidx_start = .
 *(.ARM.exidx*)
                0x0000000008003eb8                __exidx_end = .
                0x0000000008003eb8                . = ALIGN (0x4)

.preinit_array  0x0000000008003eb8        0x0
                0x0000000008003eb8                . = ALIGN (0x4)
                0x0000000008003eb8                PROVIDE (__preinit_array_start = .)
 *(.preinit_array*)
                0x0000000008003eb8                PROVIDE (__preinit_array_end = .)
                0x0000000008003eb8                . = ALIGN (0x4)

.init_array     0x0000000008003eb8        0x4
                0x0000000008003eb8                . = ALIGN (0x4)
                0x0000000008003eb8                PROVIDE (__init_array_start = .)
 *(SORT_BY_NAME(.init_array.*))
 *(.init_array*)
 .init_array    0x0000000008003eb8        0x4 c:/st/stm32cubeide_1.10.1/stm32cubeide/plugins/com.st.stm32cube.ide.mcu.externaltools.gnu-tools-for-stm32.10.3-2021.10.win32_1.0.0.202111181127/tools/bin/../lib/gcc/arm-none-eabi/10.3.1/thumb/v7e-m+fp/hard/crtbegin.o
                0x0000000008003ebc                PROVIDE (__init_array_end = .)
                0x0000000008003ebc                . = ALIGN (0x4)

.fini_array     0x0000000008003ebc        0x4
                0x0000000008003ebc                . = ALIGN (0x4)
                [!provide]                        PROVIDE (__fini_array_start = .)
 *(SORT_BY_NAME(.fini_array.*))
 *(.fini_array*)
 .fini_array    0x0000000008003ebc        0x4 c:/st/stm32cubeide_1.10.1/stm32cubeide/plugins/com.st.stm32cube.ide.mcu.externaltools.gnu-tools-for-stm32.10.3-2021.10.win32_1.0.0.202111181127/tools/bin/../lib/gcc/arm-none-eabi/10.3.1/thumb/v7e-m+fp/hard/crtbegin.o
                [!provide]                        PROVIDE (__fini_array_end = .)
                0x0000000008003ec0                . = ALIGN (0x4)
                0x0000000008003ec0                _sidata = LOADADDR (.data)

.data           0x0000000020000000        0xc load address 0x0000000008003ec0
                0x0000000020000000                . = ALIGN (0x4)
                0x0000000020000000                _sdata = .
 *(.data)
 *(.data*)
 .data.SystemCoreClock
                0x0000000020000000        0x4 ./Core/Src/system_stm32f3xx.o
                0x0000000020000000                SystemCoreClock
 .data.uwTickPrio
                0x0000000020000004        0x4 ./Drivers/STM32F3xx_HAL_Driver/Src/stm32f3xx_hal.o
                0x0000000020000004                uwTickPrio
 .data.uwTickFreq
                0x0000000020000008        0x1 ./Drivers/STM32F3xx_HAL_Driver/Src/stm32f3xx_hal.o
                0x0000000020000008                uwTickFreq
 *(.RamFunc)
 *(.RamFunc*)
                0x000000002000000c                . = ALIGN (0x4)
 *fill*         0x0000000020000009        0x3 
                0x000000002000000c                _edata = .
                0x0000000008003ecc                _siccmram = LOADADDR (.ccmram)

.igot.plt       0x000000002000000c        0x0 load address 0x0000000008003ecc
 .igot.plt      0x000000002000000c        0x0 c:/st/stm32cubeide_1.10.1/stm32cubeide/plugins/com.st.stm32cube.ide.mcu.externaltools.gnu-tools-for-stm32.10.3-2021.10.win32_1.0.0.202111181127/tools/bin/../lib/gcc/arm-none-eabi/10.3.1/thumb/v7e-m+fp/hard/crtbegin.o

.ccmram         0x0000000010000000        0x0 load address 0x0000000008003ecc
                0x0000000010000000                . = ALIGN (0x4)
                0x0000000010000000                _sccmram = .
 *(.ccmram)
 *(.ccmram*)
                0x0000000010000000                . = ALIGN (0x4)
                0x0000000010000000                _eccmram = .
                0x0000000010000000                . = ALIGN (0x4)

.bss            0x000000002000000c      0x374
                0x000000002000000c                _sbss = .
                0x000000002000000c                __bss_start__ = _sbss
 *(.bss)
 .bss           0x000000002000000c       0x1c c:/st/stm32cubeide_1.10.1/stm32cubeide/plugins/com.st.stm32cube.ide.mcu.externaltools.gnu-tools-for-stm32.10.3-2021.10.win32_1.0.0.202111181127/tools/bin/../lib/gcc/arm-none-eabi/10.3.1/thumb/v7e-m+fp/hard/crtbegin.o
 *(.bss*)
 .bss.rx_global
                0x0000000020000028       0x14 ./Core/Src/INC_MAX86178.o
                0x0000000020000028                rx_global
 .bss.sample    0x000000002000003c      0x258 ./Core/Src/INC_MAX86178.o
                0x000000002000003c                sample
 .bss.hspi2     0x0000000020000294       0x64 ./Core/Src/main.o
                0x0000000020000294                hspi2
 .bss.huart2    0x00000000200002f8       0x84 ./Core/Src/main.o
                0x00000000200002f8                huart2
 .bss.uwTick    0x000000002000037c        0x4 ./Drivers/STM32F3xx_HAL_Driver/Src/stm32f3xx_hal.o
                0x000000002000037c                uwTick
 *(COMMON)
                0x0000000020000380                . = ALIGN (0x4)
                0x0000000020000380                _ebss = .
                0x0000000020000380                __bss_end__ = _ebss

._user_heap_stack
                0x0000000020000380      0x600
                0x0000000020000380                . = ALIGN (0x8)
                [!provide]                        PROVIDE (end = .)
                0x0000000020000380                PROVIDE (_end = .)
                0x0000000020000580                . = (. + _Min_Heap_Size)
 *fill*         0x0000000020000380      0x200 
                0x0000000020000980                . = (. + _Min_Stack_Size)
 *fill*         0x0000000020000580      0x400 
                0x0000000020000980                . = ALIGN (0x8)

/DISCARD/
 libc.a(*)
 libm.a(*)
 libgcc.a(*)

.ARM.attributes
                0x0000000000000000       0x30
 *(.ARM.attributes)
 .ARM.attributes
                0x0000000000000000       0x1e c:/st/stm32cubeide_1.10.1/stm32cubeide/plugins/com.st.stm32cube.ide.mcu.externaltools.gnu-tools-for-stm32.10.3-2021.10.win32_1.0.0.202111181127/tools/bin/../lib/gcc/arm-none-eabi/10.3.1/thumb/v7e-m+fp/hard/crti.o
 .ARM.attributes
                0x000000000000001e       0x34 c:/st/stm32cubeide_1.10.1/stm32cubeide/plugins/com.st.stm32cube.ide.mcu.externaltools.gnu-tools-for-stm32.10.3-2021.10.win32_1.0.0.202111181127/tools/bin/../lib/gcc/arm-none-eabi/10.3.1/thumb/v7e-m+fp/hard/crtbegin.o
 .ARM.attributes
                0x0000000000000052       0x34 ./Core/Src/INC_MAX86178.o
 .ARM.attributes
                0x0000000000000086       0x34 ./Core/Src/main.o
 .ARM.attributes
                0x00000000000000ba       0x34 ./Core/Src/stm32f3xx_hal_msp.o
 .ARM.attributes
                0x00000000000000ee       0x34 ./Core/Src/stm32f3xx_it.o
 .ARM.attributes
                0x0000000000000122       0x34 ./Core/Src/system_stm32f3xx.o
 .ARM.attributes
                0x0000000000000156       0x21 ./Core/Startup/startup_stm32f303retx.o
 .ARM.attributes
                0x0000000000000177       0x34 ./Drivers/STM32F3xx_HAL_Driver/Src/stm32f3xx_hal.o
 .ARM.attributes
                0x00000000000001ab       0x34 ./Drivers/STM32F3xx_HAL_Driver/Src/stm32f3xx_hal_cortex.o
 .ARM.attributes
                0x00000000000001df       0x34 ./Drivers/STM32F3xx_HAL_Driver/Src/stm32f3xx_hal_gpio.o
 .ARM.attributes
                0x0000000000000213       0x34 ./Drivers/STM32F3xx_HAL_Driver/Src/stm32f3xx_hal_rcc.o
 .ARM.attributes
                0x0000000000000247       0x34 ./Drivers/STM32F3xx_HAL_Driver/Src/stm32f3xx_hal_rcc_ex.o
 .ARM.attributes
                0x000000000000027b       0x34 ./Drivers/STM32F3xx_HAL_Driver/Src/stm32f3xx_hal_spi.o
 .ARM.attributes
                0x00000000000002af       0x34 ./Drivers/STM32F3xx_HAL_Driver/Src/stm32f3xx_hal_uart.o
 .ARM.attributes
                0x00000000000002e3       0x34 c:/st/stm32cubeide_1.10.1/stm32cubeide/plugins/com.st.stm32cube.ide.mcu.externaltools.gnu-tools-for-stm32.10.3-2021.10.win32_1.0.0.202111181127/tools/bin/../lib/gcc/arm-none-eabi/10.3.1/../../../../arm-none-eabi/lib/thumb/v7e-m+fp/hard\libc_nano.a(lib_a-init.o)
 .ARM.attributes
                0x0000000000000317       0x34 c:/st/stm32cubeide_1.10.1/stm32cubeide/plugins/com.st.stm32cube.ide.mcu.externaltools.gnu-tools-for-stm32.10.3-2021.10.win32_1.0.0.202111181127/tools/bin/../lib/gcc/arm-none-eabi/10.3.1/../../../../arm-none-eabi/lib/thumb/v7e-m+fp/hard\libc_nano.a(lib_a-memcpy-stub.o)
 .ARM.attributes
                0x000000000000034b       0x34 c:/st/stm32cubeide_1.10.1/stm32cubeide/plugins/com.st.stm32cube.ide.mcu.externaltools.gnu-tools-for-stm32.10.3-2021.10.win32_1.0.0.202111181127/tools/bin/../lib/gcc/arm-none-eabi/10.3.1/../../../../arm-none-eabi/lib/thumb/v7e-m+fp/hard\libc_nano.a(lib_a-memset.o)
 .ARM.attributes
                0x000000000000037f       0x1e c:/st/stm32cubeide_1.10.1/stm32cubeide/plugins/com.st.stm32cube.ide.mcu.externaltools.gnu-tools-for-stm32.10.3-2021.10.win32_1.0.0.202111181127/tools/bin/../lib/gcc/arm-none-eabi/10.3.1/thumb/v7e-m+fp/hard/crtn.o
OUTPUT(spi_functions.elf elf32-littlearm)
LOAD linker stubs
LOAD c:/st/stm32cubeide_1.10.1/stm32cubeide/plugins/com.st.stm32cube.ide.mcu.externaltools.gnu-tools-for-stm32.10.3-2021.10.win32_1.0.0.202111181127/tools/bin/../lib/gcc/arm-none-eabi/10.3.1/../../../../arm-none-eabi/lib/thumb/v7e-m+fp/hard\libc.a
LOAD c:/st/stm32cubeide_1.10.1/stm32cubeide/plugins/com.st.stm32cube.ide.mcu.externaltools.gnu-tools-for-stm32.10.3-2021.10.win32_1.0.0.202111181127/tools/bin/../lib/gcc/arm-none-eabi/10.3.1/../../../../arm-none-eabi/lib/thumb/v7e-m+fp/hard\libm.a
LOAD c:/st/stm32cubeide_1.10.1/stm32cubeide/plugins/com.st.stm32cube.ide.mcu.externaltools.gnu-tools-for-stm32.10.3-2021.10.win32_1.0.0.202111181127/tools/bin/../lib/gcc/arm-none-eabi/10.3.1/thumb/v7e-m+fp/hard\libgcc.a

.debug_info     0x0000000000000000     0xb851
 .debug_info    0x0000000000000000      0x98c ./Core/Src/INC_MAX86178.o
 .debug_info    0x000000000000098c     0x1131 ./Core/Src/main.o
 .debug_info    0x0000000000001abd      0xc8b ./Core/Src/stm32f3xx_hal_msp.o
 .debug_info    0x0000000000002748      0x122 ./Core/Src/stm32f3xx_it.o
 .debug_info    0x000000000000286a      0x416 ./Core/Src/system_stm32f3xx.o
 .debug_info    0x0000000000002c80       0x22 ./Core/Startup/startup_stm32f303retx.o
 .debug_info    0x0000000000002ca2      0x837 ./Drivers/STM32F3xx_HAL_Driver/Src/stm32f3xx_hal.o
 .debug_info    0x00000000000034d9      0xdb5 ./Drivers/STM32F3xx_HAL_Driver/Src/stm32f3xx_hal_cortex.o
 .debug_info    0x000000000000428e      0x74e ./Drivers/STM32F3xx_HAL_Driver/Src/stm32f3xx_hal_gpio.o
 .debug_info    0x00000000000049dc     0x1597 ./Drivers/STM32F3xx_HAL_Driver/Src/stm32f3xx_hal_rcc.o
 .debug_info    0x0000000000005f73      0x67f ./Drivers/STM32F3xx_HAL_Driver/Src/stm32f3xx_hal_rcc_ex.o
 .debug_info    0x00000000000065f2     0x178c ./Drivers/STM32F3xx_HAL_Driver/Src/stm32f3xx_hal_spi.o
 .debug_info    0x0000000000007d7e     0x3ad3 ./Drivers/STM32F3xx_HAL_Driver/Src/stm32f3xx_hal_uart.o

.debug_abbrev   0x0000000000000000     0x190d
 .debug_abbrev  0x0000000000000000      0x22e ./Core/Src/INC_MAX86178.o
 .debug_abbrev  0x000000000000022e      0x27b ./Core/Src/main.o
 .debug_abbrev  0x00000000000004a9      0x194 ./Core/Src/stm32f3xx_hal_msp.o
 .debug_abbrev  0x000000000000063d       0x74 ./Core/Src/stm32f3xx_it.o
 .debug_abbrev  0x00000000000006b1      0x116 ./Core/Src/system_stm32f3xx.o
 .debug_abbrev  0x00000000000007c7       0x12 ./Core/Startup/startup_stm32f303retx.o
 .debug_abbrev  0x00000000000007d9      0x20e ./Drivers/STM32F3xx_HAL_Driver/Src/stm32f3xx_hal.o
 .debug_abbrev  0x00000000000009e7      0x316 ./Drivers/STM32F3xx_HAL_Driver/Src/stm32f3xx_hal_cortex.o
 .debug_abbrev  0x0000000000000cfd      0x1bb ./Drivers/STM32F3xx_HAL_Driver/Src/stm32f3xx_hal_gpio.o
 .debug_abbrev  0x0000000000000eb8      0x30c ./Drivers/STM32F3xx_HAL_Driver/Src/stm32f3xx_hal_rcc.o
 .debug_abbrev  0x00000000000011c4      0x239 ./Drivers/STM32F3xx_HAL_Driver/Src/stm32f3xx_hal_rcc_ex.o
 .debug_abbrev  0x00000000000013fd      0x254 ./Drivers/STM32F3xx_HAL_Driver/Src/stm32f3xx_hal_spi.o
 .debug_abbrev  0x0000000000001651      0x2bc ./Drivers/STM32F3xx_HAL_Driver/Src/stm32f3xx_hal_uart.o

.debug_aranges  0x0000000000000000      0x878
 .debug_aranges
                0x0000000000000000       0x30 ./Core/Src/INC_MAX86178.o
 .debug_aranges
                0x0000000000000030       0x48 ./Core/Src/main.o
 .debug_aranges
                0x0000000000000078       0x40 ./Core/Src/stm32f3xx_hal_msp.o
 .debug_aranges
                0x00000000000000b8       0x60 ./Core/Src/stm32f3xx_it.o
 .debug_aranges
                0x0000000000000118       0x28 ./Core/Src/system_stm32f3xx.o
 .debug_aranges
                0x0000000000000140       0x28 ./Core/Startup/startup_stm32f303retx.o
 .debug_aranges
                0x0000000000000168       0xe0 ./Drivers/STM32F3xx_HAL_Driver/Src/stm32f3xx_hal.o
 .debug_aranges
                0x0000000000000248      0x118 ./Drivers/STM32F3xx_HAL_Driver/Src/stm32f3xx_hal_cortex.o
 .debug_aranges
                0x0000000000000360       0x58 ./Drivers/STM32F3xx_HAL_Driver/Src/stm32f3xx_hal_gpio.o
 .debug_aranges
                0x00000000000003b8       0x88 ./Drivers/STM32F3xx_HAL_Driver/Src/stm32f3xx_hal_rcc.o
 .debug_aranges
                0x0000000000000440       0x38 ./Drivers/STM32F3xx_HAL_Driver/Src/stm32f3xx_hal_rcc_ex.o
 .debug_aranges
                0x0000000000000478      0x1d8 ./Drivers/STM32F3xx_HAL_Driver/Src/stm32f3xx_hal_spi.o
 .debug_aranges
                0x0000000000000650      0x228 ./Drivers/STM32F3xx_HAL_Driver/Src/stm32f3xx_hal_uart.o

.debug_ranges   0x0000000000000000      0x7e0
 .debug_ranges  0x0000000000000000       0x20 ./Core/Src/INC_MAX86178.o
 .debug_ranges  0x0000000000000020       0x38 ./Core/Src/main.o
 .debug_ranges  0x0000000000000058       0x30 ./Core/Src/stm32f3xx_hal_msp.o
 .debug_ranges  0x0000000000000088       0x50 ./Core/Src/stm32f3xx_it.o
 .debug_ranges  0x00000000000000d8       0x18 ./Core/Src/system_stm32f3xx.o
 .debug_ranges  0x00000000000000f0       0x20 ./Core/Startup/startup_stm32f303retx.o
 .debug_ranges  0x0000000000000110       0xd0 ./Drivers/STM32F3xx_HAL_Driver/Src/stm32f3xx_hal.o
 .debug_ranges  0x00000000000001e0      0x108 ./Drivers/STM32F3xx_HAL_Driver/Src/stm32f3xx_hal_cortex.o
 .debug_ranges  0x00000000000002e8       0x48 ./Drivers/STM32F3xx_HAL_Driver/Src/stm32f3xx_hal_gpio.o
 .debug_ranges  0x0000000000000330       0x78 ./Drivers/STM32F3xx_HAL_Driver/Src/stm32f3xx_hal_rcc.o
 .debug_ranges  0x00000000000003a8       0x28 ./Drivers/STM32F3xx_HAL_Driver/Src/stm32f3xx_hal_rcc_ex.o
 .debug_ranges  0x00000000000003d0      0x1c8 ./Drivers/STM32F3xx_HAL_Driver/Src/stm32f3xx_hal_spi.o
 .debug_ranges  0x0000000000000598      0x248 ./Drivers/STM32F3xx_HAL_Driver/Src/stm32f3xx_hal_uart.o

.debug_macro    0x0000000000000000    0x20747
 .debug_macro   0x0000000000000000      0x1ea ./Core/Src/INC_MAX86178.o
 .debug_macro   0x00000000000001ea      0xa78 ./Core/Src/INC_MAX86178.o
 .debug_macro   0x0000000000000c62      0x157 ./Core/Src/INC_MAX86178.o
 .debug_macro   0x0000000000000db9       0x2e ./Core/Src/INC_MAX86178.o
 .debug_macro   0x0000000000000de7       0x28 ./Core/Src/INC_MAX86178.o
 .debug_macro   0x0000000000000e0f       0x22 ./Core/Src/INC_MAX86178.o
 .debug_macro   0x0000000000000e31       0x8e ./Core/Src/INC_MAX86178.o
 .debug_macro   0x0000000000000ebf       0x51 ./Core/Src/INC_MAX86178.o
 .debug_macro   0x0000000000000f10      0x103 ./Core/Src/INC_MAX86178.o
 .debug_macro   0x0000000000001013       0x6a ./Core/Src/INC_MAX86178.o
 .debug_macro   0x000000000000107d      0x1df ./Core/Src/INC_MAX86178.o
 .debug_macro   0x000000000000125c       0x1c ./Core/Src/INC_MAX86178.o
 .debug_macro   0x0000000000001278       0x22 ./Core/Src/INC_MAX86178.o
 .debug_macro   0x000000000000129a       0xd9 ./Core/Src/INC_MAX86178.o
 .debug_macro   0x0000000000001373     0x102d ./Core/Src/INC_MAX86178.o
 .debug_macro   0x00000000000023a0      0x11f ./Core/Src/INC_MAX86178.o
 .debug_macro   0x00000000000024bf    0x1535a ./Core/Src/INC_MAX86178.o
 .debug_macro   0x0000000000017819       0x6d ./Core/Src/INC_MAX86178.o
 .debug_macro   0x0000000000017886     0x3540 ./Core/Src/INC_MAX86178.o
 .debug_macro   0x000000000001adc6      0x174 ./Core/Src/INC_MAX86178.o
 .debug_macro   0x000000000001af3a       0x55 ./Core/Src/INC_MAX86178.o
 .debug_macro   0x000000000001af8f      0x954 ./Core/Src/INC_MAX86178.o
 .debug_macro   0x000000000001b8e3      0x84a ./Core/Src/INC_MAX86178.o
 .debug_macro   0x000000000001c12d      0x1b6 ./Core/Src/INC_MAX86178.o
 .debug_macro   0x000000000001c2e3      0x23a ./Core/Src/INC_MAX86178.o
 .debug_macro   0x000000000001c51d      0x1ea ./Core/Src/INC_MAX86178.o
 .debug_macro   0x000000000001c707      0x1bc ./Core/Src/INC_MAX86178.o
 .debug_macro   0x000000000001c8c3       0x30 ./Core/Src/INC_MAX86178.o
 .debug_macro   0x000000000001c8f3       0x3c ./Core/Src/INC_MAX86178.o
 .debug_macro   0x000000000001c92f      0x236 ./Core/Src/INC_MAX86178.o
 .debug_macro   0x000000000001cb65       0xc5 ./Core/Src/INC_MAX86178.o
 .debug_macro   0x000000000001cc2a      0x21d ./Core/Src/INC_MAX86178.o
 .debug_macro   0x000000000001ce47      0x22c ./Core/Src/INC_MAX86178.o
 .debug_macro   0x000000000001d073       0x5b ./Core/Src/INC_MAX86178.o
 .debug_macro   0x000000000001d0ce       0xa5 ./Core/Src/INC_MAX86178.o
 .debug_macro   0x000000000001d173       0x81 ./Core/Src/INC_MAX86178.o
 .debug_macro   0x000000000001d1f4       0xd3 ./Core/Src/INC_MAX86178.o
 .debug_macro   0x000000000001d2c7      0x2fe ./Core/Src/INC_MAX86178.o
 .debug_macro   0x000000000001d5c5      0x5a5 ./Core/Src/INC_MAX86178.o
 .debug_macro   0x000000000001db6a       0x44 ./Core/Src/INC_MAX86178.o
 .debug_macro   0x000000000001dbae      0x347 ./Core/Src/INC_MAX86178.o
 .debug_macro   0x000000000001def5      0x266 ./Core/Src/INC_MAX86178.o
 .debug_macro   0x000000000001e15b      0x327 ./Core/Src/INC_MAX86178.o
 .debug_macro   0x000000000001e482      0x37a ./Core/Src/main.o
 .debug_macro   0x000000000001e7fc      0x160 ./Core/Src/main.o
 .debug_macro   0x000000000001e95c       0x52 ./Core/Src/main.o
 .debug_macro   0x000000000001e9ae       0x1e ./Core/Src/main.o
 .debug_macro   0x000000000001e9cc       0x3c ./Core/Src/main.o
 .debug_macro   0x000000000001ea08       0x34 ./Core/Src/main.o
 .debug_macro   0x000000000001ea3c       0x16 ./Core/Src/main.o
 .debug_macro   0x000000000001ea52       0x35 ./Core/Src/main.o
 .debug_macro   0x000000000001ea87      0x341 ./Core/Src/main.o
 .debug_macro   0x000000000001edc8       0x10 ./Core/Src/main.o
 .debug_macro   0x000000000001edd8       0x16 ./Core/Src/main.o
 .debug_macro   0x000000000001edee       0x43 ./Core/Src/main.o
 .debug_macro   0x000000000001ee31       0x34 ./Core/Src/main.o
 .debug_macro   0x000000000001ee65       0x10 ./Core/Src/main.o
 .debug_macro   0x000000000001ee75       0x58 ./Core/Src/main.o
 .debug_macro   0x000000000001eecd       0x71 ./Core/Src/main.o
 .debug_macro   0x000000000001ef3e       0x1c ./Core/Src/main.o
 .debug_macro   0x000000000001ef5a      0x12a ./Core/Src/main.o
 .debug_macro   0x000000000001f084       0x10 ./Core/Src/main.o
 .debug_macro   0x000000000001f094       0x1c ./Core/Src/main.o
 .debug_macro   0x000000000001f0b0       0x52 ./Core/Src/main.o
 .debug_macro   0x000000000001f102       0x22 ./Core/Src/main.o
 .debug_macro   0x000000000001f124       0x10 ./Core/Src/main.o
 .debug_macro   0x000000000001f134       0x52 ./Core/Src/main.o
 .debug_macro   0x000000000001f186       0xd5 ./Core/Src/main.o
 .debug_macro   0x000000000001f25b       0x1c ./Core/Src/main.o
 .debug_macro   0x000000000001f277       0x3d ./Core/Src/main.o
 .debug_macro   0x000000000001f2b4       0x16 ./Core/Src/main.o
 .debug_macro   0x000000000001f2ca      0x145 ./Core/Src/main.o
 .debug_macro   0x000000000001f40f       0x16 ./Core/Src/main.o
 .debug_macro   0x000000000001f425       0x20 ./Core/Src/main.o
 .debug_macro   0x000000000001f445      0x1e2 ./Core/Src/stm32f3xx_hal_msp.o
 .debug_macro   0x000000000001f627      0x1ec ./Core/Src/stm32f3xx_it.o
 .debug_macro   0x000000000001f813      0x1d8 ./Core/Src/system_stm32f3xx.o
 .debug_macro   0x000000000001f9eb      0x1fc ./Drivers/STM32F3xx_HAL_Driver/Src/stm32f3xx_hal.o
 .debug_macro   0x000000000001fbe7      0x1d8 ./Drivers/STM32F3xx_HAL_Driver/Src/stm32f3xx_hal_cortex.o
 .debug_macro   0x000000000001fdbf      0x1df ./Drivers/STM32F3xx_HAL_Driver/Src/stm32f3xx_hal_gpio.o
 .debug_macro   0x000000000001ff9e      0x1fc ./Drivers/STM32F3xx_HAL_Driver/Src/stm32f3xx_hal_rcc.o
 .debug_macro   0x000000000002019a      0x1d8 ./Drivers/STM32F3xx_HAL_Driver/Src/stm32f3xx_hal_rcc_ex.o
 .debug_macro   0x0000000000020372      0x1e0 ./Drivers/STM32F3xx_HAL_Driver/Src/stm32f3xx_hal_spi.o
 .debug_macro   0x0000000000020552      0x1f5 ./Drivers/STM32F3xx_HAL_Driver/Src/stm32f3xx_hal_uart.o

.debug_line     0x0000000000000000     0xbdce
 .debug_line    0x0000000000000000      0x86d ./Core/Src/INC_MAX86178.o
 .debug_line    0x000000000000086d      0xad2 ./Core/Src/main.o
 .debug_line    0x000000000000133f      0x792 ./Core/Src/stm32f3xx_hal_msp.o
 .debug_line    0x0000000000001ad1      0x7a9 ./Core/Src/stm32f3xx_it.o
 .debug_line    0x000000000000227a      0x762 ./Core/Src/system_stm32f3xx.o
 .debug_line    0x00000000000029dc       0x88 ./Core/Startup/startup_stm32f303retx.o
 .debug_line    0x0000000000002a64      0x992 ./Drivers/STM32F3xx_HAL_Driver/Src/stm32f3xx_hal.o
 .debug_line    0x00000000000033f6      0xc57 ./Drivers/STM32F3xx_HAL_Driver/Src/stm32f3xx_hal_cortex.o
 .debug_line    0x000000000000404d      0xb1b ./Drivers/STM32F3xx_HAL_Driver/Src/stm32f3xx_hal_gpio.o
 .debug_line    0x0000000000004b68     0x1387 ./Drivers/STM32F3xx_HAL_Driver/Src/stm32f3xx_hal_rcc.o
 .debug_line    0x0000000000005eef      0xeae ./Drivers/STM32F3xx_HAL_Driver/Src/stm32f3xx_hal_rcc_ex.o
 .debug_line    0x0000000000006d9d     0x1f0d ./Drivers/STM32F3xx_HAL_Driver/Src/stm32f3xx_hal_spi.o
 .debug_line    0x0000000000008caa     0x3124 ./Drivers/STM32F3xx_HAL_Driver/Src/stm32f3xx_hal_uart.o

.debug_str      0x0000000000000000    0xc42c2
 .debug_str     0x0000000000000000    0xbd7ec ./Core/Src/INC_MAX86178.o
                                      0xbdefb (size before relaxing)
 .debug_str     0x00000000000bd7ec     0x4ad2 ./Core/Src/main.o
                                      0xc0d2f (size before relaxing)
 .debug_str     0x00000000000c22be       0x8d ./Core/Src/stm32f3xx_hal_msp.o
                                      0xbc49b (size before relaxing)
 .debug_str     0x00000000000c234b       0xc9 ./Core/Src/stm32f3xx_it.o
                                      0xbbe48 (size before relaxing)
 .debug_str     0x00000000000c2414       0xe9 ./Core/Src/system_stm32f3xx.o
                                      0xbbed7 (size before relaxing)
 .debug_str     0x00000000000c24fd       0x36 ./Core/Startup/startup_stm32f303retx.o
                                         0x77 (size before relaxing)
 .debug_str     0x00000000000c2533      0x71d ./Drivers/STM32F3xx_HAL_Driver/Src/stm32f3xx_hal.o
                                      0xbc780 (size before relaxing)
 .debug_str     0x00000000000c2c50      0x36c ./Drivers/STM32F3xx_HAL_Driver/Src/stm32f3xx_hal_cortex.o
                                      0xbc7d2 (size before relaxing)
 .debug_str     0x00000000000c2fbc      0x185 ./Drivers/STM32F3xx_HAL_Driver/Src/stm32f3xx_hal_gpio.o
                                      0xbc0bc (size before relaxing)
 .debug_str     0x00000000000c3141      0x2dd ./Drivers/STM32F3xx_HAL_Driver/Src/stm32f3xx_hal_rcc.o
                                      0xbc37b (size before relaxing)
 .debug_str     0x00000000000c341e       0xbe ./Drivers/STM32F3xx_HAL_Driver/Src/stm32f3xx_hal_rcc_ex.o
                                      0xbc1c5 (size before relaxing)
 .debug_str     0x00000000000c34dc      0x594 ./Drivers/STM32F3xx_HAL_Driver/Src/stm32f3xx_hal_spi.o
                                      0xbc7fd (size before relaxing)
 .debug_str     0x00000000000c3a70      0x852 ./Drivers/STM32F3xx_HAL_Driver/Src/stm32f3xx_hal_uart.o
                                      0xbcbd2 (size before relaxing)

.comment        0x0000000000000000       0x50
 .comment       0x0000000000000000       0x50 ./Core/Src/INC_MAX86178.o
                                         0x51 (size before relaxing)
 .comment       0x0000000000000050       0x51 ./Core/Src/main.o
 .comment       0x0000000000000050       0x51 ./Core/Src/stm32f3xx_hal_msp.o
 .comment       0x0000000000000050       0x51 ./Core/Src/stm32f3xx_it.o
 .comment       0x0000000000000050       0x51 ./Core/Src/system_stm32f3xx.o
 .comment       0x0000000000000050       0x51 ./Drivers/STM32F3xx_HAL_Driver/Src/stm32f3xx_hal.o
 .comment       0x0000000000000050       0x51 ./Drivers/STM32F3xx_HAL_Driver/Src/stm32f3xx_hal_cortex.o
 .comment       0x0000000000000050       0x51 ./Drivers/STM32F3xx_HAL_Driver/Src/stm32f3xx_hal_gpio.o
 .comment       0x0000000000000050       0x51 ./Drivers/STM32F3xx_HAL_Driver/Src/stm32f3xx_hal_rcc.o
 .comment       0x0000000000000050       0x51 ./Drivers/STM32F3xx_HAL_Driver/Src/stm32f3xx_hal_rcc_ex.o
 .comment       0x0000000000000050       0x51 ./Drivers/STM32F3xx_HAL_Driver/Src/stm32f3xx_hal_spi.o
 .comment       0x0000000000000050       0x51 ./Drivers/STM32F3xx_HAL_Driver/Src/stm32f3xx_hal_uart.o

.debug_frame    0x0000000000000000     0x2230
 .debug_frame   0x0000000000000000       0x9c ./Core/Src/INC_MAX86178.o
 .debug_frame   0x000000000000009c       0xd4 ./Core/Src/main.o
 .debug_frame   0x0000000000000170       0xc8 ./Core/Src/stm32f3xx_hal_msp.o
 .debug_frame   0x0000000000000238      0x104 ./Core/Src/stm32f3xx_it.o
 .debug_frame   0x000000000000033c       0x58 ./Core/Src/system_stm32f3xx.o
 .debug_frame   0x0000000000000394      0x334 ./Drivers/STM32F3xx_HAL_Driver/Src/stm32f3xx_hal.o
 .debug_frame   0x00000000000006c8      0x498 ./Drivers/STM32F3xx_HAL_Driver/Src/stm32f3xx_hal_cortex.o
 .debug_frame   0x0000000000000b60      0x14c ./Drivers/STM32F3xx_HAL_Driver/Src/stm32f3xx_hal_gpio.o
 .debug_frame   0x0000000000000cac      0x214 ./Drivers/STM32F3xx_HAL_Driver/Src/stm32f3xx_hal_rcc.o
 .debug_frame   0x0000000000000ec0       0xb4 ./Drivers/STM32F3xx_HAL_Driver/Src/stm32f3xx_hal_rcc_ex.o
 .debug_frame   0x0000000000000f74      0x860 ./Drivers/STM32F3xx_HAL_Driver/Src/stm32f3xx_hal_spi.o
 .debug_frame   0x00000000000017d4      0x9e8 ./Drivers/STM32F3xx_HAL_Driver/Src/stm32f3xx_hal_uart.o
 .debug_frame   0x00000000000021bc       0x2c c:/st/stm32cubeide_1.10.1/stm32cubeide/plugins/com.st.stm32cube.ide.mcu.externaltools.gnu-tools-for-stm32.10.3-2021.10.win32_1.0.0.202111181127/tools/bin/../lib/gcc/arm-none-eabi/10.3.1/../../../../arm-none-eabi/lib/thumb/v7e-m+fp/hard\libc_nano.a(lib_a-init.o)
 .debug_frame   0x00000000000021e8       0x28 c:/st/stm32cubeide_1.10.1/stm32cubeide/plugins/com.st.stm32cube.ide.mcu.externaltools.gnu-tools-for-stm32.10.3-2021.10.win32_1.0.0.202111181127/tools/bin/../lib/gcc/arm-none-eabi/10.3.1/../../../../arm-none-eabi/lib/thumb/v7e-m+fp/hard\libc_nano.a(lib_a-memcpy-stub.o)
 .debug_frame   0x0000000000002210       0x20 c:/st/stm32cubeide_1.10.1/stm32cubeide/plugins/com.st.stm32cube.ide.mcu.externaltools.gnu-tools-for-stm32.10.3-2021.10.win32_1.0.0.202111181127/tools/bin/../lib/gcc/arm-none-eabi/10.3.1/../../../../arm-none-eabi/lib/thumb/v7e-m+fp/hard\libc_nano.a(lib_a-memset.o)
